              	; --------------------------------------
              	; zasm: assemble "zasm-test-opcodes.asm"
              	; opts: --ixcbr2
              	; date: 2018-05-18 20:49:26
              	; --------------------------------------


              	#!/usr/local/bin/zasm --ixcbr2 -o original/
              	; –––––––––––––––––––––––––––––––––––––––––––––––––
              	; 		zasm test file
              	; –––––––––––––––––––––––––––––––––––––––––––––––––
              	;
              	; 2014-10-29 kio
              	; 2014-12-25 kio
              	; 2014-12-26 kio
              	; 2014-12-27 kio
              	; 2014-12-31 kio:	jp(hl) for 8080 allowed, removed 8080regs
              	
              	
              	; tests selector:
              	
              	; other selectors are from command line options:
              	
              	;		--ixcbr2		set n,(ix+dis),r	etc.
              	;		--ixcbxh		set n,(xh)		etc.
              	;		--8080			8080 instructions only
              	;		--z180			Z180 / HD64180 additional instructions
              	
              	
0000:         		org 	0
              	
              	
              	; –––––––––––––––––––––––––––––––––––––––––––––––––
              	; 		test expressions
              	; –––––––––––––––––––––––––––––––––––––––––––––––––
              	
              	#local
0005:         	n5 	= 	5
0014:         	n20	equ	20
0014:         	n20	equ 	20
              	
              	; test_fails:
0014:         	!anton	equ	20 30		; operator missing
              	!n20	equ 	30		; label redefined
              	!foo	equ			; value missing
              	
0000: 0A      		db	10
0001: 10      		db	$10
0002: 02      		db	%10
0003: 10      		db	10h
0004: 02      		db	10b
0005: 10      		db	0x10
0006: 41      		db	'A'
0007: 85      		db	-123
0008: 7B      		db	+123
0009: 00      		db	0
000A: 02      		db	2
000B: 00      		db	0b
000C: 01      		db	1b
000D: 08      		db	8h
000E: 0A      		db	0b1010
000F: 02      		db	0b10
              	
              	#ASSERT	0 == 0
              	#aSSert	-1 == -1
              	#assert	33 == 33
              	
              	#assert	5 > 3
              	#assert	3 < 5
              	#assert	5 != 3
              	#assert	3 >= 3
              	#assert	3 <= 3
              	#assert	5 >= 3
              	#assert	3 <= 5
              	
              	#assert (0 || 0) == 0
              	#assert	(0 && 0) == 0
              	#assert (1 || 1) == 1
              	#assert	(1 && 1) == 1
              	#assert (0 || 1) == 1
              	#assert	(1 && 0) == 0
              	#assert (1 || foo) == 1
              	#assert	(0 && foo) == 0
              	#assert	0 ? 0 : 1
              	#assert	0 ? foo : 1
              	#assert	1 ? 1 : foo
              	#assert	!(1 ? 0 : 1)
              	#assert	!(0 ? 1 : 0)
              	#assert	1||0 ? 1 : 0
              	#assert	0||1 ? 1 : 0
              	#assert	0&&1 ? 0 : 1
              	#assert	1&&0 ? 0 : 1
              	#assert	!(0 && 0 == 0)
              	#assert	1 ? 1 : 1 ? 0 : 0
              	#assert	0 ? 0 : 1 ? 1 : 0
              	#assert	0 ? 0 : 0 ? 0 : 1
              	#assert	1 ?   1 ? 1 : 0   :   1 ? 0 : 0
              	#assert	1 ?   1 ? 1 : 0   :   0 ? 0 : 0
              	#assert	1 ?   0 ? 0 : 1   :   1 ? 0 : 0
              	#assert	1 ?   0 ? 0 : 1   :   0 ? 0 : 0
              	#assert	0 ?   1 ? 0 : 0   :   1 ? 1 : 0
              	#assert	0 ?   0 ? 0 : 0   :   1 ? 1 : 0
              	#assert	0 ?   1 ? 0 : 0   :   0 ? 0 : 1
              	#assert	0 ?   0 ? 0 : 0   :   0 ? 0 : 1
              	#assert	!(1 ? 0 : 1 ? 1 : 1)
              	#assert	!(0 ? 1 : 1 ? 0 : 1)
              	#assert	!(1 ?   1 ? 0 : 1   :   1 ? 1 : 1)
              	#assert	!(0 ?   1 ? 1 : 1   :   1 ? 0 : 1)
              	#assert	!(0 ?   1 ? 1 : 1   :   0 ? 1 : 0)
              	
              	#assert	-n20 == -20
              	
              	#assert	~0 == -1
              	#assert	~-1 == 0
              	
              	#assert	!0 == 1
              	#assert	!77 == 0
              	#assert	!-33 == 0
              	#assert	!-0 == 1
              	
              	#assert	3|5 == 7
              	#assert	3&5 == 1
              	#assert	3^5 == 6
              	
              	#assert 3<<2 == 3*4
              	#assert	0xff00<<4 == 0xff000
              	#assert	7>>1 == 3
              	#assert	0xff00>>4 == 0x0ff0
              	
              	#assert	3 + 5 == 8
              	#assert	3 + -5 == -2
              	#assert	3-5==-2
              	#assert	3- -5==8
              	#assert	3*5==15
              	#assert	3*-5==-15
              	#assert	3/5==0
              	#assert	55/3==18
              	#assert	-55/3==-18
              	#assert	55/-3==-18
              	#assert	-55/-3==18
              	#assert	6/3==2
              	#assert	3%5==3
              	#assert	55%3==1
              	#assert	-55%3==-1
              	#assert	55%-3==1
              	#assert	-55%-3==-1
              	#assert	6%3==0
              	
              	#assert	3 == 3/5*5 + 3%5
              	#assert	55 == 55/3*3 + 55%3
              	#assert	-55 == -55/3*3 + -55%3
              	#assert	55 == 55/-3*-3 + 55%-3
              	#assert	-55 == -55/-3*-3 + -55%-3
              	#assert	6 == 6/3*3 + 6%3
              	
              	#assert	n5+n20 == 25
              	#assert	n5+n20*2 == 45
              	#assert	n20*2+n5 == 45
              	#assert	2+4-1*7 == -1
              	#assert	-(20) == 20 * -1
              	#assert	n20/7 == 2
              	#assert	(n20+1)/7 == 3
              	#assert	1 + 2*3<<4 == 97
              	
              	#assert	hi(1234h) == 12h
              	#assert	lo(1234h) == 34h
              	#assert	opcode(nop) == 0
              	#assert	opcode(ld a,n) == 0x3e
              	#assert	opcode(ld bc,(nn)) == 4Bh
              	#assert	opcode(adc hl,bc) == 4Ah
              	#assert	opcode(rla) == 17h
              	#assert	opcode(rr b) == 18h
              	#assert	opcode(bit 1,(ix+dis)) == 4Eh
              	#assert	opcode(jp nn) == 0C3h
              	#assert	opcode(jr c,dis) == 38h
              	#assert	opcode(rst 8) == 0CFh
              	
              	#endlocal
              	
              	
              	
              	; –––––––––––––––––––––––––––––––––––––––––––––––––
              	; 		test addressing modes
              	; –––––––––––––––––––––––––––––––––––––––––––––––––
              	
              	#local
0010: 3E00    		ld	a,0
0012: 0601    		ld	b,1
0014: 0E02    		ld	c,2
0016: 1603    		ld	d,#3
0018: 1E04    		ld	e,4
001A: 2605    		ld	h,5
001C: 2E06    		ld	l,6
001E: 213412  		ld	hl,1234h
0021: 3607    		ld	(hl),7
0023: DB21    		in	a,(33)
0025: D321    		out	(33),a
0027: C7      		rst	0
0028: CF      		rst	1
0029: CF      		rst	8
002A: F7      		rst	n6
002B: F24000  		jp	p,nn
002E: FA4000  		jp	m,nn
0031: EA4000  		jp	pe,nn
0034: E24000  		jp	po,nn
0037: F1      		POP	af
0038: C1      		Pop	bc
0039: D1      		PoP	de
003A: E1      		pOp	hl
003B: F9      		ld	sp,hl
003C: E3      		ex	hl,(sp)
003D: 3A4000  		ld	a,(nn)
0040: 0A      		ld	a,(bc)
0041: 1A      		ld	a,(de)
0042: 0F      		rrca
              	
              	#if !defined(_8080_)
0043: ED50    		in	d,(c)
0045: ED50    		in	d,(bc)
0047: ED70    		in	f,(c)
0049: ED70    		in	(bc)
004B: ED51    		out	(c),d
004D: ED51    		out	(bc),d
004F: ED71    		out	(bc),0
              	
0051: ED56    		im	1
0053: CB74    		bit	6,h
0055: 18FE    		jr	$
0057: 18FE    	1$:	jr	1$
0059: 28FE    		jr	z,$
005B: 20FE    		jr	nz,$
005D: 38FE    		jr	c,$
005F: 30FE    		jr	nc,$
0061: 08      		ex	af,af'
0062: ED57    		ld	a,i
0064: ED5F    		ld	a,r
              	
0066: DDE1    		pop	ix
0068: FDE1    		pop	iy
006A: DD360008		ld	(ix),8
006E: DD360209		ld	(ix+2),9
0072: DD36020A		ld	2(ix),10
0076: FD36000B		ld	(iy),11
007A: FD36020C		ld	(iy+2),12
007E: FD36020D		ld	2(iy),13
0082: DD36030E		ld	+3(ix),14
0086: DD36050F		ld	2+3(ix),15
008A: DD36FE10		ld	(ix-2),16
008E: DD36FF11		ld	(ix+2-3),17
0092: DD36FF12		ld	(ix-3+2),18
0096: DD360613		ld	(ix+3*2),19
              	
009A: DD363340		ld	(ix+33h),nn
009E: DD36CD40		ld	(ix-33h),nn
00A2: DD360040		ld	(ix),nn
00A6: DD363340		ld	33h(ix),nn
00AA: DD36CD40		ld	-33h(ix),nn
00AE: DD363840		ld	(ix+33h+5),nn
              	#endif
              	
0040:         	nn	equ	0x40
0006:         	n6	equ	6
              	
              	#endlocal
              	
              	
              	
              	
              	; –––––––––––––––––––––––––––––––––––––––––––––––––
              	;	8080/z80 opcodes (z80 syntax)
              	; –––––––––––––––––––––––––––––––––––––––––––––––––
              	
00B2: 3F      		ccf
00B3: 2F      		cpl
00B4: 27      		daa
00B5: F3      		di
00B6: FB      		ei
00B7: 76      		halt
00B8: 00      		Nop
00B9: 17      		Rla
00BA: 07      		Rlca
00BB: 1F      		Rra
00BC: 0F      		Rrca
00BD: 37      		scf
00BE: DB40    		in   a,(n)
00C0: D340    		out  (n),a
              	
              	; ––––––––––––––––––––––––––––––––––
00C2: 86      		ADD  a,(hl)
00C3: 87      		add  a,a
00C4: 80      		add  a,b
00C5: 81      		add  a,c
00C6: 82      		add  a,d
00C7: 83      		add  a,e
00C8: 84      		add  a,h
00C9: 85      		add  a,l
00CA: 86      		ADD  (hl)
00CB: C640    		add  a,n
00CD: 87      		add  a
00CE: 80      		add  b
00CF: C640    		add  n
              	
00D1: 8E      		ADC  a,(hl)
00D2: 8F      		adc  a,a
00D3: 88      		adc  a,b
00D4: 89      		adc  a,c
00D5: 8A      		adc  a,d
00D6: 8B      		adc  a,e
00D7: 8C      		adc  a,h
00D8: 8D      		adc  a,l
00D9: CE40    		adc  a,n
00DB: 8F      		adc  a
00DC: 88      		adc  b
00DD: CE40    		adc  n
              	
00DF: 9E      		sbc  a,(hl)
00E0: 9F      		sbc  a,a
00E1: 98      		sbc  a,b
00E2: 99      		sbc  a,c
00E3: 9A      		sbc  a,d
00E4: 9B      		sbc  a,e
00E5: 9C      		sbc  a,h
00E6: 9D      		sbc  a,l
00E7: DE40    		sbc  a,n
00E9: 9F      		sbc  a
00EA: 98      		sbc  b
00EB: DE40    		sbc  n
              	
00ED: 96      		sub  (HL)
00EE: 97      		sub  A
00EF: 90      		sub  B
00F0: 91      		sub  C
00F1: 92      		sub  D
00F2: 93      		sub  E
00F3: 94      		sub  H
00F4: 95      		sub  L
00F5: D640    		sub  n
00F7: 97      		sub  a,A
00F8: 90      		sub  a,B
00F9: D640    		sub  a,n
00FB: 96      		sub  a,(hl)
              	
00FC: A6      		AND  (HL)
00FD: A7      		and  A
00FE: A0      		and  B
00FF: A1      		and  C
0100: A2      		and  D
0101: A3      		and  E
0102: A4      		and  H
0103: A5      		and  L
0104: E640    		and  n
0106: A7      		and  a,A
0107: A0      		and  a,B
0108: E640    		and  a,n
010A: A6      		and  a,(hl)
              	
010B: B6      		or  (HL)
010C: B7      		or  A
010D: B0      		or  B
010E: B1      		or  C
010F: B2      		or  D
0110: B3      		or  E
0111: B4      		or  H
0112: B5      		or  L
0113: F640    		or  n
0115: B7      		or  a,A
0116: B0      		or  a,B
0117: F640    		or  a,n
0119: B6      		or  a,(hl)
              	
011A: AE      		xor  (HL)
011B: AF      		xor  A
011C: A8      		xor  B
011D: A9      		xor  C
011E: AA      		xor  D
011F: AB      		xor  E
0120: AC      		xor  H
0121: AD      		xor  L
0122: EE40    		xor  n
0124: AF      		xor  a,A
0125: A8      		xor  a,B
0126: EE40    		xor  a,n
0128: AE      		xor  a,(hl)
              	
0129: BE      		cp  (HL)
012A: BF      		cp  A
012B: B8      		cp  B
012C: B9      		cp  C
012D: BA      		cp  D
012E: BB      		cp  E
012F: BC      		cp  H
0130: BD      		cp  L
0131: FE40    		cp  n
0133: BF      		cp  a,A
0134: B8      		cp  a,B
0135: FE40    		cp  a,n
0137: BE      		cp  a,(hl)
              	
              	; ––––––––––––––––––––––––––––––––––
0138: 34      		inc  (HL)
0139: 3C      		inc  a
013A: 04      		inc  b
013B: 0C      		inc  c
013C: 14      		inc  d
013D: 1C      		inc  e
013E: 24      		inc  h
013F: 2C      		inc  l
              	
0140: 35      		DEC  (HL)
0141: 3D      		dec  a
0142: 05      		dec  b
0143: 0D      		dec  c
0144: 15      		dec  d
0145: 1D      		dec  e
0146: 25      		dec  h
0147: 2D      		dec  l
              	
              	; ––––––––––––––––––––––––––––––––––
0148: 7F      		ld   a,a
0149: 78      		ld   a,b
014A: 79      		ld   a,c
014B: 7A      		ld   a,d
014C: 7B      		ld   a,e
014D: 7C      		ld   a,h
014E: 7D      		ld   a,l
014F: 7E      		ld   a,(hl)
0150: 3E40    		ld   a,n
              	
0152: 47      		ld   b,a
0153: 40      		ld   b,b
0154: 41      		ld   b,c
0155: 42      		ld   b,d
0156: 43      		ld   b,e
0157: 44      		ld   b,h
0158: 45      		ld   b,l
0159: 46      		ld   b,(hl)
015A: 0640    		ld   b,n
              	
015C: 4F      		ld   c,a
015D: 48      		ld   c,b
015E: 49      		ld   c,c
015F: 4A      		ld   c,d
0160: 4B      		ld   c,e
0161: 4C      		ld   c,h
0162: 4D      		ld   c,l
0163: 4E      		ld   c,(hl)
0164: 0E40    		ld   c,n
              	
0166: 57      		ld   d,a
0167: 50      		ld   d,b
0168: 51      		ld   d,c
0169: 52      		ld   d,d
016A: 53      		ld   d,e
016B: 54      		ld   d,h
016C: 55      		ld   d,l
016D: 56      		ld   d,(hl)
016E: 1640    		ld   d,n
              	
0170: 5F      		ld   e,a
0171: 58      		ld   e,b
0172: 59      		ld   e,c
0173: 5A      		ld   e,d
0174: 5B      		ld   e,e
0175: 5C      		ld   e,h
0176: 5D      		ld   e,l
0177: 5E      		ld   e,(hl)
0178: 1E40    		ld   e,n
              	
017A: 67      		ld   h,a
017B: 60      		ld   h,b
017C: 61      		ld   h,c
017D: 62      		ld   h,d
017E: 63      		ld   h,e
017F: 64      		ld   h,h
0180: 65      		ld   h,l
0181: 66      		ld   h,(hl)
0182: 2640    		ld   h,n
              	
0184: 6F      		ld   l,a
0185: 68      		ld   l,b
0186: 69      		ld   l,c
0187: 6A      		ld   l,d
0188: 6B      		ld   l,e
0189: 6C      		ld   l,h
018A: 6D      		ld   l,l
018B: 6E      		ld   l,(hl)
018C: 2E40    		ld   l,n
              	
018E: 77      		ld   (hl),a
018F: 70      		ld   (hl),b
0190: 71      		ld   (hl),c
0191: 72      		ld   (hl),d
0192: 73      		ld   (hl),e
0193: 74      		ld   (hl),h
0194: 75      		ld   (hl),l
0195: 3640    		ld   (hl),n
              	
0197: 02      		LD   (BC),A
0198: 12      		ld   (de),a
0199: 324241  		ld   (nn),a
019C: 0A      		ld   a,(bc)
019D: 1A      		ld   a,(de)
019E: 3A4241  		ld   a,(nn)
              	
              	; ––––––––––––––––––––––––––––––––––
01A1: DA4241  		jp   c,nn
01A4: FA4241  		jp   m,nn
01A7: D24241  		jp   nc,nn
01AA: C24241  		jp   nz,nn
01AD: F24241  		jp   p,nn
01B0: EA4241  		jp   pe,nn
01B3: E24241  		jp   po,nn
01B6: CA4241  		jp   Z,nn
01B9: C34241  		JP   nn
01BC: E9      		jp   (hl)
01BD: E9      		jp   hl
              	
01BE: DC4241  		CALL C,nn
01C1: FC4241  		call m,nn
01C4: D44241  		call nc,nn
01C7: C44241  		call nz,nn
01CA: F44241  		call P,nn
01CD: EC4241  		call pe,nn
01D0: E44241  		call po,nn
01D3: CC4241  		call z,nn
01D6: CD4241  		call nn
              	
01D9: C9      		RET
01DA: D8      		ret  c
01DB: F8      		ret  m
01DC: D0      		ret  nc
01DD: C0      		ret  nz
01DE: F0      		ret  p
01DF: E8      		ret  pe
01E0: E0      		ret  po
01E1: C8      		ret  z
              	
01E2: C7      		RST  00h
01E3: CF      		rst  08h
01E4: D7      		rst  n16
01E5: DF      		rst  18h
01E6: E7      		rst  20h
01E7: EF      		rst  28h
01E8: F7      		rst  30h
01E9: FF      		rst  $38
              	
01EA: C7      		rst  0
01EB: CF      		rst  n1
01EC: D7      		rst  2
01ED: DF      		rst  3
01EE: E7      		rst  4
01EF: EF      		rst  5
01F0: F7      		rst  n6
01F1: FF      		rst  7
              	
              	; ––––––––––––––––––––––––––––––––––
01F2: EB      		ex   de,hl
01F3: EB      		ex   hl,de
01F4: E3      		EX   (sp),hl
01F5: E3      		EX   hl,(sp)
              	
01F6: F1      		POP  af
01F7: C1      		pop  bc
01F8: D1      		pop  de
01F9: E1      		pop  hl
              	
01FA: F5      		PUSH af
01FB: C5      		push bc
01FC: D5      		push de
01FD: E5      		push hl
              	
01FE: F9      		ld   sp,hl
01FF: 014241  		ld   bc,nn
0202: 114241  		ld   de,nn
0205: 214241  		ld   hl,nn
0208: 314241  		ld   sp,nn
              	
020B: 09      		add  hl,bc
020C: 19      		add  hl,de
020D: 29      		add  hl,hl
020E: 39      		add  hl,sp
              	
020F: 03      		inc  bc
0210: 13      		inc  de
0211: 23      		inc  hl
0212: 33      		inc  sp
0213: 0B      		dec  bc
0214: 1B      		dec  de
0215: 2B      		dec  hl
0216: 3B      		dec  sp
              	
              	; ––––––––––––––––––––––––––––––––––
4142:         	nn	equ	0x4142
0040:         	n	equ	40h
              	
              	
              	
              	
              	; –––––––––––––––––––––––––––––––––––––––––––––––––
              	;			Z80 / non 8080 opcodes
              	; –––––––––––––––––––––––––––––––––––––––––––––––––
              	
              	#if !defined(_8080_)
0217: D9      		exx
0218: ED44    		Neg
021A: EDA9    		cpd
021C: EDB9    		cpdr
021E: EDB1    		cpir
0220: EDA1    		cpi
0222: EDAA    		Ind
0224: EDBA    		Indr
0226: EDA2    		Ini
0228: EDB2    		Inir
022A: EDA8    		Ldd
022C: EDB8    		Lddr
022E: EDA0    		Ldi
0230: EDB0    		Ldir
0232: EDBB    		Otdr
0234: EDB3    		Otir
0236: EDAB    		Outd
0238: EDA3    		Outi
023A: ED6F    		Rld
023C: ED67    		Rrd
023E: ED4D    		Reti
0240: ED45    		Retn
              	
0242: 10FE    		djnz $
0244: 08      		ex  af,af'
              	
0245: ED46    		IM	0
0247: ED56    		im	n1
0249: ED5E    		im	2
              	
024B:         	loop2:
024B: 18FE    		jr   loop2
024D: 38FC    		JR   C,loop2
024F: 30FA    		jr   nc,loop2
0251: 20F8    		jr   nz,loop2
0253: 28F6    		jr   z,loop2
              	
              	; ––––––––––––––––––––––––––––––––––
0255: ED4A    		adc  hl,bc
0257: ED5A    		adc  hl,de
0259: ED6A    		adc  hl,hl
025B: ED7A    		adc  hl,sp
              	
025D: ED42    		sbc  hl,bc
025F: ED52    		sbc  hl,de
0261: ED62    		sbc  hl,hl
0263: ED72    		sbc  hl,sp
              	
              	; ––––––––––––––––––––––––––––––––––
0265: ED78    		IN   a,(c)
0267: ED40    		in   b,(bc)
0269: ED48    		in   c,(c)
026B: ED50    		in   d,(bc)
026D: ED58    		in   e,(c)
026F: ED60    		in   h,(bc)
0271: ED68    		in   l,(c)
0273: ED70    		in   f,(bc)
              	
0275: ED79    		OUT  (c),a
0277: ED41    		out  (bc),b
0279: ED49    		out  (c),c
027B: ED51    		out  (bc),d
027D: ED59    		out  (c),e
027F: ED61    		out  (bc),h
0281: ED69    		out  (c),l
0283: ED71    		out  (c),0
              	
              	; ––––––––––––––––––––––––––––––––––
0285: ED57    		ld   a,i
0287: ED5F    		ld   a,r
0289: ED47    		ld   i,a
028B: ED4F    		ld   r,a
              	
028D: ED434241		ld   (nn),bc
0291: ED534241		ld   (nn),de
0295: 224241  		ld   (nn),hl
0298: ED734241		ld   (nn),sp
029C: ED4B4241		ld   bc,(nn)
02A0: ED5B4241		ld   de,(nn)
02A4: 2A4241  		ld   hl,(nn)
02A7: ED7B4241		ld   sp,(nn)
              	
              	; ––––––––––––––––––––––––––––––––––
02AB: CB47    		bit  0,a
02AD: CB40    		bit  0,b
02AF: CB41    		bit  0,c
02B1: CB42    		bit  0,d
02B3: CB43    		bit  0,e
02B5: CB44    		bit  0,h
02B7: CB45    		bit  0,l
02B9: CB46    		BIT  0,(hl)
02BB: CB4F    		bit  1,a
02BD: CB4E    		BIT  n1,(hl)
02BF: CB54    		bit  2,h
02C1: CB56    		BIT  2,(hl)
02C3: CB5D    		bit  3,l
02C5: CB5E    		BIT  3,(hl)
02C7: CB62    		bit  4,d
02C9: CB66    		BIT  4,(hl)
02CB: CB6B    		bit  5,e
02CD: CB6E    		BIT  5,(hl)
02CF: CB71    		bit  6,c
02D1: CB76    		BIT  n6,(hl)
02D3: CB78    		bit  7,b
02D5: CB7E    		BIT  7,(hl)
              	
02D7: CB87    		res  0,a
02D9: CB80    		res  0,b
02DB: CB81    		res  0,c
02DD: CB82    		res  0,d
02DF: CB83    		res  0,e
02E1: CB84    		res  0,h
02E3: CB85    		res  0,l
02E5: CB86    		res  0,(hl)
02E7: CB8F    		res  1,a
02E9: CB8E    		res  1,(hl)
02EB: CB94    		res  2,h
02ED: CB96    		res  2,(hl)
02EF: CB9D    		res  3,l
02F1: CB9E    		res  3,(hl)
02F3: CBA2    		res  4,d
02F5: CBA6    		res  4,(hl)
02F7: CBAB    		res  5,e
02F9: CBAE    		res  5,(hl)
02FB: CBB1    		res  6,c
02FD: CBB6    		res  6,(hl)
02FF: CBB8    		res  7,b
0301: CBBE    		res  7,(hl)
              	
0303: CBC7    		set  0,a
0305: CBC0    		set  0,b
0307: CBC1    		set  0,c
0309: CBC2    		set  0,d
030B: CBC3    		set  0,e
030D: CBC4    		set  0,h
030F: CBC5    		set  0,l
0311: CBC6    		set  0,(hl)
0313: CBCF    		set  1,a
0315: CBCE    		set  n1,(hl)
0317: CBD4    		set  2,h
0319: CBD6    		set  2,(hl)
031B: CBDD    		set  3,l
031D: CBDE    		set  3,(hl)
031F: CBE2    		set  4,d
0321: CBE6    		set  4,(hl)
0323: CBEB    		set  5,e
0325: CBEE    		set  5,(hl)
0327: CBF1    		set  6,c
0329: CBF6    		set  n6,(hl)
032B: CBF8    		set  7,b
032D: CBFE    		set  7,(hl)
              	
              	; ––––––––––––––––––––––––––––––––––
032F: CB16    		RL   (hl)
0331: CB17    		rl   a
0333: CB10    		rl   b
0335: CB11    		rl   c
0337: CB12    		rl   d
0339: CB13    		rl   e
033B: CB14    		rl   h
033D: CB15    		rl   l
              	
033F: CB06    		RLC  (hl)
0341: CB07    		rlc  a
0343: CB00    		rlc  b
0345: CB01    		rlc  c
0347: CB02    		rlc  d
0349: CB03    		rlc  e
034B: CB04    		rlc  h
034D: CB05    		rlc  l
              	
034F: CB1E    		RR   (hl)
0351: CB1F    		rr   a
0353: CB18    		rr   b
0355: CB19    		rr   c
0357: CB1A    		rr   d
0359: CB1B    		rr   e
035B: CB1C    		rr   h
035D: CB1D    		rr   l
              	
035F: CB0E    		RRC  (hl)
0361: CB0F    		rrc  a
0363: CB08    		rrc  b
0365: CB09    		rrc  c
0367: CB0A    		rrc  d
0369: CB0B    		rrc  e
036B: CB0C    		rrc  h
036D: CB0D    		rrc  l
              	
036F: CB26    		sla  (hl)
0371: CB27    		sla  a
0373: CB20    		sla  b
0375: CB21    		sla  c
0377: CB22    		sla  d
0379: CB23    		sla  e
037B: CB24    		sla  h
037D: CB25    		sla  l
              	
037F: CB36    		sll  (hl)
0381: CB37    		sll  a
0383: CB30    		sll  b
0385: CB31    		sll  c
0387: CB32    		sll  d
0389: CB33    		sll  e
038B: CB34    		sll  h
038D: CB35    		sll  l
              	
038F: CB2E    		sra   (hl)
0391: CB2F    		sra   a
0393: CB28    		sra   b
0395: CB29    		sra   c
0397: CB2A    		sra   d
0399: CB2B    		sra   e
039B: CB2C    		sra   h
039D: CB2D    		sra   l
              	
039F: CB3E    		srl   (hl)
03A1: CB3F    		srl   a
03A3: CB38    		srl   b
03A5: CB39    		srl   c
03A7: CB3A    		srl   d
03A9: CB3B    		srl   e
03AB: CB3C    		srl   h
03AD: CB3D    		srl   l
              	#endif
              	
              	
              	
              	; –––––––––––––––––––––––––––––––––––––––––––––––––
              	;		Z80 / non 8080 opcodes
              	;		using index register
              	; –––––––––––––––––––––––––––––––––––––––––––––––––
              	
              	#if !defined(_8080_)
03AF: DDE9    		jp   ix
03B1: FDE9    		jp   iy
03B3: DDE9    		jp   (ix)
03B5: FDE9    		jp   (iy)
              	
03B7: DDF9    		ld   sp,ix
03B9: FDF9    		ld   sp,iy
03BB: DD224241		ld   (nn),ix
03BF: FD224241		ld   (nn),iy
03C3: DD2A4241		ld   ix,(nn)
03C7: FD2A4241		ld   iy,(nn)
03CB: DD214241		ld   ix,nn
03CF: FD214241		ld   iy,nn
              	
03D3: DD09    		add  ix,bc
03D5: DD19    		add  ix,de
03D7: DD29    		add  ix,ix
03D9: DD39    		add  ix,sp
03DB: FD09    		add  iy,bc
03DD: FD19    		add  iy,de
03DF: FD29    		add  iy,iy
03E1: FD39    		add  iy,sp
              	
03E3: DD23    		inc  ix
03E5: FD23    		inc  iy
03E7: DD2B    		dec  ix
03E9: FD2B    		dec  iy
              	
03EB: DDE3    		ex   (sp),ix
03ED: DDE3    		ex   ix,(sp)
03EF: FDE3    		ex   (sp),iy
03F1: FDE3    		ex   iy,(sp)
              	
03F3: DDE1    		pop  ix
03F5: FDE1    		pop  iy
03F7: DDE5    		push ix
03F9: FDE5    		push iy
              	
              	; ––––––––––––––––––––––––––––––––––
03FB: DD7C    		ld   a,ixh		; illegal
03FD: DD7D    		ld   a,ixl		; illegal
03FF: FD7C    		ld   a,iyh		; illegal
0401: FD7D    		ld   a,iyl		; illegal
              	
0403: DD44    		ld   b,xh		; illegal
0405: DD45    		ld   b,xl		; illegal
0407: FD44    		ld   b,yh		; illegal
0409: FD45    		ld   b,yl		; illegal
              	
040B: DD4C    		ld   c,ixh		; illegal
040D: DD4D    		ld   c,ixl		; illegal
040F: FD4C    		ld   c,iyh		; illegal
0411: FD4D    		ld   c,iyl		; illegal
              	
0413: DD54    		ld   d,xh		; illegal
0415: DD55    		ld   d,xl		; illegal
0417: FD54    		ld   d,yh		; illegal
0419: FD55    		ld   d,yl		; illegal
              	
041B: DD5C    		ld   e,ixh		; illegal
041D: DD5D    		ld   e,ixl		; illegal
041F: FD5C    		ld   e,iyh		; illegal
0421: FD5D    		ld   e,iyl		; illegal
              	
0423: DD67    		ld   xh,a		; illegal
0425: DD60    		ld   xh,b		; illegal
0427: DD61    		ld   xh,c		; illegal
0429: DD62    		ld   xh,d		; illegal
042B: DD63    		ld   xh,e		; illegal
042D: DD64    		ld   xh,xh		; illegal
042F: DD65    		ld   xh,xl		; illegal
0431: DD2640  		ld   xh,n		; illegal
              	
0434: FD6F    		ld   yl,a		; illegal
0436: FD68    		ld   yl,b		; illegal
0438: FD69    		ld   yl,c		; illegal
043A: FD6A    		ld   yl,d		; illegal
043C: FD6B    		ld   yl,e		; illegal
043E: FD6C    		ld   yl,yh		; illegal
0440: FD6D    		ld   yl,yl		; illegal
0442: FD2E40  		ld   yl,n		; illegal
              	
0445: DD7E01  		ld   a,(ix+1)
0448: FD7E01  		ld   a,(iy+n1)
044B: DD4601  		ld   b,(ix+n1)
044E: FD4601  		ld   b,(iy+1)
0451: DD4E01  		ld   c,(ix+1)
0454: FD4E01  		ld   c,(iy+n1)
0457: DD5601  		ld   d,(ix+1)
045A: FD5601  		ld   d,(iy+n1)
045D: DD5E01  		ld   e,(ix+n1)
0460: FD5E01  		ld   e,(iy+1)
0463: DD6601  		ld   h,(ix+1)
0466: FD6601  		ld   h,(iy+n1)
0469: DD6E01  		ld   l,(ix+1)
046C: FD6E01  		ld   l,(iy+n1)
              	
046F: DD7701  		ld   (ix+1),a
0472: DD7001  		ld   (ix+1),b
0475: DD7101  		ld   (ix+1),c
0478: DD7201  		ld   (ix+n1),d
047B: DD7301  		ld   (ix+1),e
047E: DD7401  		ld   (ix+1),h
0481: DD7501  		ld   (ix+1),l
0484: DD360140		ld   (ix+1),n
              	
0488: FD7701  		ld   (iy+1),a
048B: FD7001  		ld   (iy+1),b
048E: FD7101  		ld   (iy+1),c
0491: FD7201  		ld   (iy+1),d
0494: FD7301  		ld   (iy+n1),e
0497: FD7401  		ld   (iy+1),h
049A: FD7501  		ld   (iy+1),l
049D: FD360140		ld   (iy+1),n
              	
              	; ––––––––––––––––––––––––––––––––––
04A1: DD84    		add  a,xh		; illegal
04A3: DD85    		add  a,xl		; illegal
04A5: FD84    		add  a,yh		; illegal
04A7: FD85    		add  a,yl		; illegal
              	
04A9: DD94    		sub  a,XH		; illegal
04AB: DD95    		sub  a,XL		; illegal
04AD: FD94    		sub  a,YH		; illegal
04AF: FD95    		sub  a,YL		; illegal
              	
04B1: DD8C    		adc  a,xh		; illegal
04B3: DD8D    		adc  a,xl		; illegal
04B5: FD8C    		adc  a,yh		; illegal
04B7: FD8D    		adc  a,yl		; illegal
              	
04B9: DD9C    		sbc  a,xh		; illegal
04BB: DD9D    		sbc  a,xl		; illegal
04BD: FD9C    		sbc  a,yh		; illegal
04BF: FD9D    		sbc  a,yl		; illegal
              	
04C1: DDA4    		and  a,XH		; illegal
04C3: DDA5    		and  a,XL		; illegal
04C5: FDA4    		and  a,YH		; illegal
04C7: FDA5    		and  a,YL		; illegal
              	
04C9: DDB4    		or  a,XH		; illegal
04CB: DDB5    		or  a,XL		; illegal
04CD: FDB4    		or  a,YH		; illegal
04CF: FDB5    		or  a,YL		; illegal
              	
04D1: DDAC    		xor  a,XH		; illegal
04D3: DDAD    		xor  a,XL		; illegal
04D5: FDAC    		xor  a,YH		; illegal
04D7: FDAD    		xor  a,YL		; illegal
              	
04D9: DDBC    		cp  a,XH		; illegal
04DB: DDBD    		cp  a,XL		; illegal
04DD: FDBC    		cp  a,YH		; illegal
04DF: FDBD    		cp  a,YL		; illegal
              	
04E1: DD24    		inc  xh			; illegal
04E3: DD2C    		inc  xl			; illegal
04E5: FD24    		inc  yh			; illegal
04E7: FD2C    		inc  yl			; illegal
              	
04E9: DD25    		dec  xh			; illegal
04EB: DD2D    		dec  xl			; illegal
04ED: FD25    		dec  yh			; illegal
04EF: FD2D    		dec  yl			; illegal
              	
              	; ––––––––––––––––––––––––––––––––––
04F1: DD8601  		add  a,(ix+1)
04F4: FD8601  		add  a,(iy+n1)
              	
04F7: DD9601  		sub  (ix+1)
04FA: FD9601  		sub  (iy+1)
04FD: DD9601  		sub  a,(ix+1)
0500: FD9601  		sub  a,(iy+1)
              	
0503: DD8E01  		adc  a,(ix+1)
0506: FD8E01  		adc  a,(iy+n1)
              	
0509: DD9E01  		sbc  a,(ix+1)
050C: FD9E01  		sbc  a,(iy+1)
              	
050F: DDA601  		AND  (ix+1)
0512: FDA601  		AND  (iy+1)
0515: DDA601  		and  a,(ix+1)
0518: FDA601  		and  a,(iy+n1)
              	
051B: DDB601  		or  (ix+1)
051E: FDB601  		or  (iy+1)
0521: DDB601  		or  a,(ix+1)
0524: FDB601  		or  a,(iy+1)
              	
0527: DDAE01  		xor  (ix+1)
052A: FDAE01  		xor  (iy+1)
052D: DDAE01  		xor  a,(ix+1)
0530: FDAE01  		xor  a,(iy+1)
              	
0533: DDBE01  		cp  (ix+n1)
0536: FDBE01  		cp  (iy+1)
0539: DDBE01  		cp  a,(ix+1)
053C: FDBE01  		cp  a,(iy+1)
              	
053F: DD3401  		inc  (IX+1)
0542: FD3401  		inc  (iy+1)
0545: DD3501  		dec  (IX+n1)
0548: FD3501  		dec  (iy+1)
              	
              	; ––––––––––––––––––––––––––––––––––
054B: DDCB0146		bit  0,(ix+n1)
054F: FDCB0146		bit  0,(iy+1)
0553: DDCB014E		bit  1,(ix+1)
0557: FDCB0156		bit  2,(iy+1)
055B: DDCB015E		bit  3,(ix+1)
055F: FDCB0166		bit  4,(iy+1)
0563: DDCB016E		bit  5,(ix+1)
0567: FDCB0176		bit  6,(iy+1)
056B: DDCB017E		bit  7,(ix+1)
              	
056F: DDCB0186		res  0,(ix+1)
0573: FDCB0186		res  0,(iy+1)
0577: DDCB018E		res  1,(ix+1)
057B: FDCB0196		res  2,(iy+1)
057F: DDCB019E		res  3,(ix+1)
0583: FDCB01A6		res  4,(iy+1)
0587: DDCB01AE		res  5,(ix+1)
058B: FDCB01B6		res  6,(iy+1)
058F: DDCB01BE		res  7,(ix+1)
              	
0593: DDCB01C6		set  0,(ix+1)
0597: FDCB01C6		set  0,(iy+1)
059B: DDCB01CE		set  1,(ix+1)
059F: FDCB01D6		set  2,(iy+1)
05A3: DDCB01DE		set  3,(ix+1)
05A7: FDCB01E6		set  4,(iy+1)
05AB: DDCB01EE		set  5,(ix+1)
05AF: FDCB01F6		set  6,(iy+1)
05B3: DDCB01FE		set  7,(ix+1)
              	
05B7: DDCB0116		rl   (ix+1)
05BB: FDCB0116		rl   (iy+1)
05BF: DDCB0106		rlc  (ix+1)
05C3: FDCB0106		rlc  (iy+1)
05C7: DDCB011E		rr   (ix+1)
05CB: FDCB011E		rr   (iy+1)
05CF: DDCB010E		rrc  (ix+1)
05D3: FDCB010E		rrc  (iy+1)
05D7: DDCB0126		sla  (ix+1)
05DB: FDCB0126		sla  (iy+1)
05DF: DDCB0136		sll  (ix+1)
05E3: FDCB0136		sll  (iy+1)
05E7: DDCB012E		sra  (ix+1)
05EB: FDCB012E		sra  (iy+1)
05EF: DDCB013E		srl  (ix+1)
05F3: FDCB013E		srl  (iy+1)
              	#endif		; !defined(i8080)
              	
              	
              	
              	
              	; –––––––––––––––––––––––––––––––––––––––––––––––––
              	;		z80 illegal IXCB opcodes
              	; –––––––––––––––––––––––––––––––––––––––––––––––––
              	
              	#if defined(_ixcbxh_)
              		sra  xh
              		sra  yl
              		sla  xh
              		sla  yl
              		srl  xh
              		srl  yl
              		sll  xh
              		sll  yl
              		
              		rl   xh
              		rl   yl
              		rlc  xh
              		rlc  yl
              		rr   xh
              		rr   yl
              		rrc  xh
              		rrc  yl
              	
              		bit  0,xh		; illegal
              		bit  1,xl		; illegal
              		bit  2,yh		; illegal
              		bit  3,yl		; illegal
              		bit  4,xh		; illegal
              		bit  5,xl		; illegal
              		bit  6,yh		; illegal
              		bit  7,yl		; illegal
              	
              		res  0,xh		; illegal
              		res  1,xl		; illegal
              		res  2,yh		; illegal
              		res  3,yl		; illegal
              		res  4,xh		; illegal
              		res  5,xl		; illegal
              		res  6,yh		; illegal
              		res  7,yl		; illegal
              	
              		set  0,xh		; illegal
              		set  1,xl		; illegal
              		set  2,yh		; illegal
              		set  3,yl		; illegal
              		set  4,xh		; illegal
              		set  5,xl		; illegal
              		set  6,yh		; illegal
              		set  7,yl		; illegal
              	#endif
              	
              	#if !defined(_ixcbxh_)
              	!	bit  0,xh		; illegal
              	!	bit  1,xl		; illegal
              	!	bit  2,yh		; illegal
              	!	bit  3,yl		; illegal
              	!	bit  4,xh		; illegal
              	!	bit  5,xl		; illegal
              	!	bit  6,yh		; illegal
              	!	bit  7,yl		; illegal
              	
              	!	res  0,xh		; illegal
              	!	res  1,xl		; illegal
              	!	res  2,yh		; illegal
              	!	res  3,yl		; illegal
              	!	res  4,xh		; illegal
              	!	res  5,xl		; illegal
              	!	res  6,yh		; illegal
              	!	res  7,yl		; illegal
              	
              	!	set  0,xh		; illegal
              	!	set  1,xl		; illegal
              	!	set  2,yh		; illegal
              	!	set  3,yl		; illegal
              	!	set  4,xh		; illegal
              	!	set  5,xl		; illegal
              	!	set  6,yh		; illegal
              	!	set  7,yl		; illegal
              	
              	!	rl	 xh
              	!	rl	 yl
              	!	rlc	 xh
              	!	rlc	 yl
              	!	rr	 xh
              	!	rr	 yl
              	!	rrc	 xh
              	!	rrc	 yl
              	
              	!	sra	 xh
              	!	sra	 yl
              	!	sla	 xh
              	!	sla	 yl
              	!	srl	 xh
              	!	srl	 yl
              	!	sll	 xh
              	!	sll	 yl
              	#endif
              	
              	#if defined(_ixcbr2_)
05F7: DDCB012F		sra  (ix+1),a
05FB: FDCB0128		sra  (iy+1),b
05FF: DDCB0121		sla  (ix+1),c
0603: FDCB0122		sla  (iy+1),d
0607: DDCB013B		srl  (ix+1),e
060B: FDCB013F		srl  (iy+1),a
060F: DDCB0130		sll  (ix+1),b
0613: FDCB0131		sll  (iy+1),c
0617: FDCB012C		sra  (iy+1),h
061B: DDCB0125		sla  (ix+1),l
061F: FDCB013C		srl  (iy+1),h
0623: DDCB0135		sll  (ix+1),l
              	
0627: DDCB0117		rl   (ix+1),a
062B: FDCB0110		rl   (iy+1),b
062F: DDCB0101		rlc  (ix+1),c
0633: FDCB0102		rlc  (iy+1),d
0637: DDCB011B		rr   (ix+1),e
063B: FDCB011F		rr   (iy+1),a
063F: DDCB0108		rrc  (ix+1),b
0643: FDCB0109		rrc  (iy+1),c
0647: FDCB0114		rl   (iy+1),h
064B: DDCB0105		rlc  (ix+1),l
064F: FDCB011C		rr   (iy+1),h
0653: DDCB010D		rrc  (ix+1),l
              	
0657: DDCB0147		bit  0,(ix+1),a	; illegal		TODO:	evtl. they all behave like "bit b,(ix+dis)"
065B: FDCB0148		bit  1,(iy+1),b	; illegal			because 'bit' does not write to register
065F: DDCB0151		bit  2,(ix+1),c	; illegal			to be tested!
0663: FDCB015C		bit  3,(iy+1),h	; illegal			different docs state different opinions!
0667: DDCB0165		bit  4,(ix+1),l	; illegal
066B: FDCB016A		bit  5,(iy+1),d	; illegal
066F: DDCB0173		bit  6,(ix+1),e	; illegal
0673: FDCB0178		bit  7,(iy+1),b	; illegal
              	
0677: DDCB0187		res  0,(ix+1),a	; illegal
067B: FDCB0188		res  1,(iy+1),b	; illegal
067F: DDCB0191		res  2,(ix+1),c	; illegal
0683: FDCB019C		res  3,(iy+1),h	; illegal
0687: DDCB01A5		res  4,(ix+1),l	; illegal
068B: FDCB01AA		res  5,(iy+1),d	; illegal
068F: DDCB01B3		res  6,(ix+1),e	; illegal
0693: FDCB01B8		res  7,(iy+1),b	; illegal
              	
0697: DDCB01C7		set  0,(ix+1),a	; illegal
069B: FDCB01C8		set  1,(iy+1),b	; illegal
069F: DDCB01D1		set  2,(ix+1),c	; illegal
06A3: FDCB01DC		set  3,(iy+1),h	; illegal
06A7: DDCB01E5		set  4,(ix+1),l	; illegal
06AB: FDCB01EA		set  5,(iy+1),d	; illegal
06AF: DDCB01F3		set  6,(ix+1),e	; illegal
06B3: FDCB01F8		set  7,(iy+1),b	; illegal
              	
              	#else ; if !defined(_ixcbr2_)
              	
              	!	rl   (ix+1),a
              	!	rl   (iy+1),b
              	!	rlc  (ix+1),c
              	!	rlc  (iy+1),d
              	!	rr   (ix+1),e
              	!	rr   (iy+1),a
              	!	rrc  (ix+1),b
              	!	rrc  (iy+1),c
              	
              	!	sra  (ix+1),a
              	!	sra  (iy+1),b
              	!	sla  (ix+1),c
              	!	sla  (iy+1),d
              	!	srl  (ix+1),e
              	!	srl  (iy+1),a
              	!	sll  (ix+1),b
              	!	sll  (iy+1),c
              	
              	!	bit  0,(ix+1),a	; illegal
              	!	bit  1,(iy+1),b	; illegal
              	!	bit  2,(ix+1),c	; illegal
              	!	bit  3,(iy+1),h	; illegal
              	!	bit  4,(ix+1),l	; illegal
              	!	bit  5,(iy+1),d	; illegal
              	!	bit  6,(ix+1),e	; illegal
              	!	bit  7,(iy+1),b	; illegal
              	
              	!	res  0,(ix+1),a	; illegal
              	!	res  1,(iy+1),b	; illegal
              	!	res  2,(ix+1),c	; illegal
              	!	res  3,(iy+1),h	; illegal
              	!	res  4,(ix+1),l	; illegal
              	!	res  5,(iy+1),d	; illegal
              	!	res  6,(ix+1),e	; illegal
              	!	res  7,(iy+1),b	; illegal
              	
              	!	set  0,(ix+1),a	; illegal
              	!	set  1,(iy+1),b	; illegal
              	!	set  2,(ix+1),c	; illegal
              	!	set  3,(iy+1),h	; illegal
              	!	set  4,(ix+1),l	; illegal
              	!	set  5,(iy+1),d	; illegal
              	!	set  6,(ix+1),e	; illegal
              	!	set  7,(iy+1),b	; illegal
              	
              	!	rl   (iy+1),h
              	!	rlc  (ix+1),l
              	!	rr   (iy+1),h
              	!	rrc  (ix+1),l
              	!	sra  (iy+1),h
              	!	sla  (ix+1),l
              	!	srl  (iy+1),h
              	!	sll  (ix+1),l
              	#endif
              	
              	
0006:         	n6	equ	6
0001:         	n1	equ	1
0010:         	n16	equ	16
              	
              	
              	
              	
              	
              	
              	; –––––––––––––––––––––––––––––––––––––––––––––––––
              	;	ill. arguments for all opcodes:
              	; –––––––––––––––––––––––––––––––––––––––––––––––––
              	
              	!	jr   p,loop2
              	!	jr   m,loop2
              	!	jr   po,loop2
              	!	jr   pe,loop2
              	
              	!	im	3
              	
              	!	adc  ix,bc
              	!	adc  ix,de
              	!	adc  ix,ix
              	!	adc  ix,iy
              	!	adc  ix,sp
              	!	adc  iy,bc
              	!	adc  iy,de
              	!	adc  iy,iy
              	!	adc  iy,ix
              	!	adc  iy,sp
              	
              	!	add  ix,iy
              	!	add  ix,hl
              	!	add  iy,ix
              	!	add  iy,hl
              	
              	!	ld   (hl),(hl)
              	!	ld   (ix+1),(ix+1)
              	!	ld   (ix+1),(iy+1)
              	!	ld   (iy+1),(hl)
              	!	ld   (iy+1),(ix+1)
              	!	ld   (iy+1),(iy+1)
              	             
              	!	ld   XH,(hl)
              	!	ld   xh,(ix+1)
              	!	ld   xh,(iy+1)
              	!	ld   xh,h
              	!	ld   xh,l
              	!	ld   xh,yl
              	!	ld   YL,(hl)
              	!	ld   yl,(ix+1)
              	!	ld   yl,(iy+1)
              	!	ld   yl,h
              	!	ld   yl,l
              	!	ld   yl,xh
              	
              	!	out  (c),xh
              	!	out  (c),yl
              	
              	!	sbc  ix,bc
              	!	sbc  ix,de
              	!	sbc  ix,ix
              	!	sbc  ix,iy
              	!	sbc  ix,sp
              	!	sbc  iy,bc
              	!	sbc  iy,de
              	!	sbc  iy,iy
              	!	sbc  iy,ix
              	!	sbc  iy,sp
              	
              	
              	
              	; –––––––––––––––––––––––––––––––––––––––––––––––––
              	;	ill. 8080 opcodes:
              	; –––––––––––––––––––––––––––––––––––––––––––––––––
              	
              	#if defined(_8080_)	; z80 syntax, target 8080
              	!	exx
              	!	Neg
              	!	cpd
              	!	cpdr
              	!	cpir
              	!	cpi
              	!	Ind
              	!	Indr
              	!	Ini
              	!	Inir
              	!	Ldd
              	!	Lddr
              	!	Ldi
              	!	Ldir
              	!	Otdr
              	!	Otir
              	!	Outd
              	!	Outi
              	!	Rld
              	!	Rrd
              	!	Reti
              	!	Retn
              	!	djnz $
              	#endif
              	
              	
              	
              	; –––––––––––––––––––––––––––––––––––––––––––––––––
              	;	ill. arguments for 8080 opcodes:
              	; –––––––––––––––––––––––––––––––––––––––––––––––––
              	
              	#if defined(_8080_)	; z80 syntax, target 8080
              	!	jp   (ix)
              	!	jp   (iy)
              	
              	; ––––––––––––––––––––––––––––––––––
              	loop3:
              	!	jr   loop3
              	!	JR   C,loop3
              	!	jr   nc,loop3
              	!	jr   nz,loop3
              	!	jr   z,loop3
              	
              	; ––––––––––––––––––––––––––––––––––
              	!	IM	0
              	!	im	n1
              	!	im	2
              	
              	; ––––––––––––––––––––––––––––––––––
              	!	pop  ix
              	!	pop  iy
              	!	push ix
              	!	push iy
              	
              	!	ld   i,a
              	!	ld   r,a
              	
              	!	ld   (nn),bc
              	!	ld   (nn),de
              	!	ld   (nn),ix
              	!	ld   (nn),iy
              	!	ld   (nn),sp
              	!	ld   bc,(nn)
              	!	ld   de,(nn)
              	!	ld   ix,(nn)
              	!	ld   iy,(nn)
              	!	ld   sp,(nn)
              	!	ld   ix,nn
              	!	ld   iy,nn
              	
              	!	ld   (ix+1),b
              	!	ld   (ix+1),c
              	!	ld   (ix+n1),d
              	!	ld   (ix+1),e
              	!	ld   (ix+1),h
              	!	ld   (ix+1),l
              	!	ld   (ix+1),n
              	
              	!	ld   (iy+1),b
              	!	ld   (iy+1),c
              	!	ld   (iy+1),d
              	!	ld   (iy+n1),e
              	!	ld   (iy+1),h
              	!	ld   (iy+1),l
              	!	ld   (iy+1),n
              	
              	!	ld   xh,a		; illegal
              	!	ld   xh,b		; illegal
              	!	ld   xh,c		; illegal
              	!	ld   xh,d		; illegal
              	!	ld   xh,e		; illegal
              	!	ld   xh,xh		; illegal
              	!	ld   xh,xl		; illegal
              	!	ld   xh,n		; illegal
              	
              	!	ld   yl,a		; illegal
              	!	ld   yl,b		; illegal
              	!	ld   yl,c		; illegal
              	!	ld   yl,d		; illegal
              	!	ld   yl,e		; illegal
              	!	ld   yl,yh		; illegal
              	!	ld   yl,yl		; illegal
              	!	ld   yl,n		; illegal
              	
              	!	add  ix,bc
              	!	add  ix,de
              	!	add  ix,ix
              	!	add  ix,sp
              	!	add  iy,bc
              	!	add  iy,de
              	!	add  iy,iy
              	!	add  iy,sp
              	
              	!	adc  hl,bc
              	!	adc  hl,de
              	!	adc  hl,hl
              	!	adc  hl,sp
              	
              	!	sbc  hl,bc
              	!	sbc  hl,de
              	!	sbc  hl,hl
              	!	sbc  hl,sp
              	
              	; ––––––––––––––––––––––––––––––––––
              	!	inc  (IX+1)
              	!	inc  (iy+1)
              	!	inc  xh			; illegal
              	!	inc  xl			; illegal
              	!	inc  yh			; illegal
              	!	inc  yl			; illegal
              	!	inc  ix
              	!	inc  iy
              	
              	; ––––––––––––––––––––––––––––––––––
              	!	dec  (IX+n1)
              	!	dec  (iy+1)
              	!	dec  xh			; illegal
              	!	dec  ixl		; illegal
              	!	dec  iyh		; illegal
              	!	dec  yl			; illegal
              	!	dec  ix
              	!	dec  iy
              	
              	; ––––––––––––––––––––––––––––––––––
              	!	ex   af,af'
              	!	ex   (sp),ix
              	!	ex   ix,(sp)
              	!	ex   (sp),iy
              	!	ex   iy,(sp)
              	
              	; ––––––––––––––––––––––––––––––––––
              	!	IN   a,(c)
              	!	in   b,(bc)
              	!	in   c,(c)
              	!	in   d,(bc)
              	!	in   e,(c)
              	!	in   h,(bc)
              	!	in   l,(c)
              	!	in   f,(bc)
              	!	in   (c)
              	
              	; ––––––––––––––––––––––––––––––––––
              	!	OUT  (c),a
              	!	out  (bc),b
              	!	out  (c),c
              	!	out  (bc),d
              	!	out  (c),e
              	!	out  (bc),h
              	!	out  (c),l
              	!	out  (c),0
              	
              	; ––––––––––––––––––––––––––––––––––
              	!	bit  0,a
              	!	bit  0,b
              	!	bit  0,c
              	!	bit  0,d
              	!	bit  0,e
              	!	bit  0,h
              	!	bit  0,l
              	!	BIT  0,(hl)
              	!	bit  0,(ix+n1)
              	!	bit  0,(iy+1)
              	
              	!	bit  1,a
              	!	BIT  n1,(hl)
              	!	bit  1,(ix+1)
              	!	bit  2,h
              	!	BIT  2,(hl)
              	!	bit  2,(iy+1)
              	!	bit  3,l
              	!	BIT  3,(hl)
              	!	bit  3,(ix+1)
              	!	bit  4,d
              	!	BIT  4,(hl)
              	!	bit  4,(iy+1)
              	!	bit  5,e
              	!	BIT  5,(hl)
              	!	bit  5,(ix+1)
              	!	bit  6,c
              	!	BIT  n6,(hl)
              	!	bit  6,(iy+1)
              	!	bit  7,b
              	!	BIT  7,(hl)
              	!	bit  7,(ix+1)
              	
              	; ––––––––––––––––––––––––––––––––––
              	!	res  0,a
              	!	res  0,b
              	!	res  0,c
              	!	res  0,d
              	!	res  0,e
              	!	res  0,h
              	!	res  0,l
              	!	res  0,(hl)
              	!	res  0,(ix+1)
              	!	res  0,(iy+1)
              	
              	!	res  1,a
              	!	res  1,(hl)
              	!	res  1,(ix+1)
              	!	res  2,h
              	!	res  2,(hl)
              	!	res  2,(iy+1)
              	!	res  3,l
              	!	res  3,(hl)
              	!	res  3,(ix+1)
              	!	res  4,d
              	!	res  4,(hl)
              	!	res  4,(iy+1)
              	!	res  5,e
              	!	res  5,(hl)
              	!	res  5,(ix+1)
              	!	res  6,c
              	!	res  6,(hl)
              	!	res  6,(iy+1)
              	!	res  7,b
              	!	res  7,(hl)
              	!	res  7,(ix+1)
              	
              	; ––––––––––––––––––––––––––––––––––
              	!	set  0,a
              	!	set  0,b
              	!	set  0,c
              	!	set  0,d
              	!	set  0,e
              	!	set  0,h
              	!	set  0,l
              	!	set  0,(hl)
              	!	set  0,(ix+1)
              	!	set  0,(iy+1)
              	
              	!	set  1,a
              	!	set  n1,(hl)
              	!	set  1,(ix+1)
              	!	set  2,h
              	!	set  2,(hl)
              	!	set  2,(iy+1)
              	!	set  3,l
              	!	set  3,(hl)
              	!	set  3,(ix+1)
              	!	set  4,d
              	!	set  4,(hl)
              	!	set  4,(iy+1)
              	!	set  5,e
              	!	set  5,(hl)
              	!	set  5,(ix+1)
              	!	set  6,c
              	!	set  n6,(hl)
              	!	set  6,(iy+1)
              	!	set  7,b
              	!	set  7,(hl)
              	!	set  7,(ix+1)
              	
              	; ––––––––––––––––––––––––––––––––––
              	!	RL   (hl)
              	!	rl   (ix+1)
              	!	rl   (iy+1)
              	!	rl   a
              	!	rl   b
              	!	rl   c
              	!	rl   d
              	!	rl   e
              	!	rl   h
              	!	rl   l
              	
              	; ––––––––––––––––––––––––––––––––––
              	!	RLC  (hl)
              	!	rlc  (ix+1)
              	!	rlc  (iy+1)
              	!	rlc  a
              	!	rlc  b
              	!	rlc  c
              	!	rlc  d
              	!	rlc  e
              	!	rlc  h
              	!	rlc  l
              	
              	; ––––––––––––––––––––––––––––––––––
              	!	RR   (hl)
              	!	rr   (ix+1)
              	!	rr   (iy+1)
              	!	rr   a
              	!	rr   b
              	!	rr   c
              	!	rr   d
              	!	rr   e
              	!	rr   h
              	!	rr   l
              	
              	; ––––––––––––––––––––––––––––––––––
              	!	RRC  (hl)
              	!	rrc  (ix+1)
              	!	rrc  (iy+1)
              	!	rrc  a
              	!	rrc  b
              	!	rrc  c
              	!	rrc  d
              	!	rrc  e
              	!	rrc  h
              	!	rrc  l
              	
              	; ––––––––––––––––––––––––––––––––––
              	!	sla  (hl)
              	!	sla  (ix+1)
              	!	sla  (iy+1)
              	!	sla  a
              	!	sla  b
              	!	sla  c
              	!	sla  d
              	!	sla  e
              	!	sla  h
              	!	sla  l
              	
              	; ––––––––––––––––––––––––––––––––––
              	!	sll  (hl)
              	!	sll  (ix+1)
              	!	sll  (iy+1)
              	!	sll  a
              	!	sll  b
              	!	sll  c
              	!	sll  d
              	!	sll  e
              	!	sll  h
              	!	sll  l
              	
              	; ––––––––––––––––––––––––––––––––––
              	!	sra   (hl)
              	!	sra   (ix+1)
              	!	sra   (iy+1)
              	!	sra   a
              	!	sra   b
              	!	sra   c
              	!	sra   d
              	!	sra   e
              	!	sra   h
              	!	sra   l
              	
              	; ––––––––––––––––––––––––––––––––––
              	!	srl   (hl)
              	!	srl   (ix+1)
              	!	srl   (iy+1)
              	!	srl   a
              	!	srl   b
              	!	srl   c
              	!	srl   d
              	!	srl   e
              	!	srl   h
              	!	srl   l
              	
              	
              	; ––––––––––––––––––––––––––––––––––
              	!	jp   ix
              	!	jp   iy
              	
              	!	ld   a,i
              	!	ld   a,r
              	
              	!	ld   sp,ix
              	!	ld   sp,iy
              	
              	!	ld   h,xh
              	!	ld   h,xl
              	!	ld   h,yh
              	!	ld   h,yl
              	!	ld   l,xh
              	!	ld   l,xl
              	!	ld   l,yh
              	!	ld   l,yl
              	!	ld   (hl),(ix+1)
              	!	ld   (hl),(iy+1)
              	!	ld   (hl),xh
              	!	ld   (hl),xl
              	!	ld   (hl),yh
              	!	ld   (hl),yl
              	!	ld   (ix+1),(hl)
              	!	ld   (ix+1),xh
              	!	ld   (ix+1),xl
              	!	ld   (ix+1),yh
              	!	ld   (ix+1),yl
              	!	ld   (iy+1),xh
              	!	ld   (iy+1),xl
              	!	ld   (iy+1),yh
              	!	ld   (iy+1),yl
              	!	ld   hl,ix
              	!	ld   hl,iy
              	
              	!	ld   a,(ix+1)
              	!	ld   a,(iy+n1)
              	!	ld   a,xh		; illegal
              	!	ld   a,xl		; illegal
              	!	ld   a,yh		; illegal
              	!	ld   a,yl		; illegal
              	
              	!	ld   b,(ix+n1)
              	!	ld   b,(iy+1)
              	!	ld   b,xh		; illegal
              	!	ld   b,xl		; illegal
              	!	ld   b,yh		; illegal
              	!	ld   b,yl		; illegal
              	
              	!	ld   c,(ix+1)
              	!	ld   c,(iy+n1)
              	!	ld   c,xh		; illegal
              	!	ld   c,xl		; illegal
              	!	ld   c,yh		; illegal
              	!	ld   c,yl		; illegal
              	
              	!	ld   d,(ix+1)
              	!	ld   d,(iy+n1)
              	!	ld   d,xh		; illegal
              	!	ld   d,xl		; illegal
              	!	ld   d,yh		; illegal
              	!	ld   d,yl		; illegal
              	
              	!	ld   e,(ix+n1)
              	!	ld   e,(iy+1)
              	!	ld   e,xh		; illegal
              	!	ld   e,xl		; illegal
              	!	ld   e,yh		; illegal
              	!	ld   e,yl		; illegal
              	
              	!	ld   h,(ix+1)
              	!	ld   h,(iy+n1)
              	
              	!	ld   l,(ix+1)
              	!	ld   l,(iy+n1)
              	
              	!	add  a,(ix+1)
              	!	add  a,(iy+n1)
              	!	add  a,xh		; illegal
              	!	add  a,xl		; illegal
              	!	add  a,yh		; illegal
              	!	add  a,yl		; illegal
              	
              	!	sub  (ix+1)
              	!	sub  (iy+1)
              	!	sub  a,(ix+1)
              	!	sub  a,(iy+1)
              	!	sub  a,XH		; illegal
              	!	sub  a,XL		; illegal
              	!	sub  a,YH		; illegal
              	!	sub  a,YL		; illegal
              	
              	!	adc  a,(ix+1)
              	!	adc  a,(iy+n1)
              	!	adc  a,xh		; illegal
              	!	adc  a,xl		; illegal
              	!	adc  a,yh		; illegal
              	!	adc  a,yl		; illegal
              	
              	!	sbc  a,(ix+1)
              	!	sbc  a,(iy+1)
              	!	sbc  a,xh		; illegal
              	!	sbc  a,xl		; illegal
              	!	sbc  a,yh		; illegal
              	!	sbc  a,yl		; illegal
              	
              	!	AND  (ix+1)
              	!	AND  (iy+1)
              	!	and  a,(ix+1)
              	!	and  a,(iy+n1)
              	!	and  a,XH		; illegal
              	!	and  a,XL		; illegal
              	!	and  a,YH		; illegal
              	!	and  a,YL		; illegal
              	
              	!	or  (ix+1)
              	!	or  (iy+1)
              	!	or  a,(ix+1)
              	!	or  a,(iy+1)
              	!	or  a,XH		; illegal
              	!	or  a,XL		; illegal
              	!	or  a,YH		; illegal
              	!	or  a,YL		; illegal
              	
              	!	xor  (ix+1)
              	!	xor  (iy+1)
              	!	xor  a,(ix+1)
              	!	xor  a,(iy+1)
              	!	xor  a,XH		; illegal
              	!	xor  a,XL		; illegal
              	!	xor  a,YH		; illegal
              	!	xor  a,YL		; illegal
              	
              	!	cp  (ix+n1)
              	!	cp  (iy+1)
              	!	cp  a,(ix+1)
              	!	cp  a,(iy+1)
              	!	cp  a,XH		; illegal
              	!	cp  a,XL		; illegal
              	!	cp  a,YH		; illegal
              	!	cp  a,YL		; illegal
              	
              	#endif ; defined(_8080_)
              	
              	
              	
              	; –––––––––––––––––––––––––––––––––––––––––––––––––
              	; 	test_compound_opcodes:
              	; –––––––––––––––––––––––––––––––––––––––––––––––––
              		
06B7: 18FE18FE		jr $	\ jr $
06BB: C3BB06  		jp $	\ jp $-3
06BE: C3BB06  	
06C1: 21C106  		ld hl,$	\ ld hl,$-3
06C4: 21C106  	
              		
06C7: 424B    		ld	bc,de
06C9: 424B    		ld b,d\ld c,e
06CB: 444D    		ld	bc,hl
06CD: 444D    		ld b,h\ld c,l
06CF: 5059    		ld	de,bc
06D1: 5059    		ld d,b\ld e,c
06D3: 545D    		ld	de,hl		
06D5: 545D    		ld d,h\ld e,l
06D7: 6069    		ld	hl,bc		
06D9: 6069    		ld h,b\ld l,c
06DB: 626B    		ld	hl,de		
06DD: 626B    		ld h,d\ld l,e
              	
06DF: 4E23462B		ld	bc,(hl)
06E3: 4E23462B		ld c,(hl++)\ld b,(hl)\dec hl
06E7: 5E23562B		ld	de,(hl)
06EB: 5E23562B		ld e,(hl++)\ld d,(hl)\dec hl
06EF: 4E234623		ld	bc,(hl++)
06F3: 4E234623		ld c,(hl++)\ld b,(hl++)
06F7: 5E235623		ld	de,(hl++)
06FB: 5E235623		ld e,(hl++)\ld d,(hl++)
06FF: 2B462B4E		ld	bc,(--hl)
0703: 2B462B4E		ld b,(--hl)\ld c,(--hl)
0707: 2B562B5E		ld	de,(--hl)
070B: 2B562B5E		ld d,(--hl)\ld e,(--hl)
              	
070F: 7123702B		ld	(hl),bc
0713: 7123702B		ld(hl++),c\ld(hl),b\dec hl
0717: 7323722B		ld	(hl),de
071B: 7323722B		ld(hl++),e\ld(hl),d\dec hl
071F: 2B702B71		ld	(--hl),bc
0723: 2B702B71		ld(--hl),b\ld(--hl),c
0727: 2B722B73		ld	(--hl),de
072B: 2B722B73		ld(--hl),d\ld(--hl),e
072F: 71237023		ld	(hl++),bc
0733: 71237023		ld(hl++),c\ld(hl++),b
0737: 73237223		ld	(hl++),de
073B: 73237223		ld(hl++),e\ld(hl++),d
              	
073F: 0B02    		ld	(--bc),a
0741: 0B02    		dec bc\ld(bc),a
0743: 1B12    		ld	(--de),a
0745: 1B12    		dec de\ld(de),a
0747: 0203    		ld	(bc++),a
0749: 0203    		ld(bc),a\inc bc
074B: 1213    		ld	(de++),a
074D: 1213    		ld(de),a\inc de
074F: 0B0A    		ld	a,(--bc)
0751: 0B0A    		dec bc\ld a,(bc)
0753: 1B1A    		ld	a,(--de)
0755: 1B1A    		dec de\ld a,(de)
0757: 0A03    		ld	a,(bc++)
0759: 0A03    		ld a,(bc)\inc bc
075B: 1A13    		ld	a,(de++)
075D: 1A13    		ld a,(de)\inc de
              	
075F: 7E23    		ld	a,(hl++)
0761: 7E23    		ld a,(hl)\inc hl
0763: 2B46    		ld	b,(--hl)
0765: 2B46    		dec hl\ld b,(hl)
0767: 4E23    		ld	c,(hl++)
0769: 4E23    		ld c,(hl)\inc hl
076B: 2B56    		ld	d,(--hl)
076D: 2B56    		dec hl\ld d,(hl)
076F: 6623    		ld	h,(hl++)
0771: 6623    		ld h,(hl)\inc hl	; potentially void
0773: 2B6E    		ld	l,(--hl)
0775: 2B6E    		dec	hl\ld l,(hl)
              	
0777: 8623    		add 	(hl++)
0779: 8623    		add (hl)\inc hl
077B: 8E23    		adc 	(hl++)
077D: 8E23    		adc (hl)\inc hl
077F: 9623    		sub 	(hl++)
0781: 9623    		sub (hl)\inc hl
0783: 9E23    		sbc 	(hl++)
0785: 9E23    		sbc (hl)\inc hl
0787: A623    		and 	(hl++)
0789: A623    		and (hl)\inc hl
078B: B623    		or 	(hl++)
078D: B623    		or  (hl)\inc hl
078F: AE23    		xor 	(hl++)
0791: AE23    		xor (hl)\inc hl
0793: BE23    		cp	(hl++)
0795: BE23    		cp  (hl)\inc hl
              	
0797: 2B86    		add 	(--hl)
0799: 2B86    		dec hl\add(hl)
079B: 2B8E    		adc 	(--hl)
079D: 2B8E    		dec hl\adc(hl)
079F: 2B96    		sub 	(--hl)
07A1: 2B96    		dec hl\sub(hl)
07A3: 2B9E    		sbc 	(--hl)
07A5: 2B9E    		dec hl\sbc(hl)
07A7: 2BA6    		and 	(--hl)
07A9: 2BA6    		dec hl\and(hl)
07AB: 2BB6    		or 	(--hl)
07AD: 2BB6    		dec hl\or(hl)
07AF: 2BAE    		xor 	(--hl)
07B1: 2BAE    		dec hl\xor(hl)
07B3: 2BBE    		cp	(--hl)
07B5: 2BBE    		dec hl\cp(hl)
              	
              	
              	#if !defined(_8080_)
07B7: DD44DD4D		ld	bc,ix		; illegal ...
07BB: DD44DD4D		ld b,xh\ld c,xl
07BF: FD44FD4D		ld	bc,iy		; ...
07C3: FD44FD4D		ld b,yh\ld c,yl
07C7: DD54DD5D		ld	de,ix		; ...
07CB: DD54DD5D		ld d,xh\ld e,xl
07CF: FD54FD5D		ld	de,iy		; ...
07D3: FD54FD5D		ld d,yh\ld e,yl
07D7: DD60DD69		ld	ix,bc		; ...	
07DB: DD60DD69		ld xh,b\ld xl,c
07DF: DD62DD6B		ld	ix,de		; ...
07E3: DD62DD6B		ld xh,d\ld xl,e
07E7: FD60FD69		ld	iy,bc		; ...
07EB: FD60FD69		ld yh,b\ld yl,c
07EF: FD62FD6B		ld	iy,de		; ...
07F3: FD62FD6B		ld yh,d\ld yl,e
              	
07F7: DD4E01  		ld	bc,(ix+1)	
07FA: DD4602  	
07FD: DD4E01  		ld c,(ix+1)\ld b,(ix+2)	
0800: DD4602  	
0803: FD5E04  		ld	de,(iy+4)		
0806: FD5605  	
0809: FD5E04  		ld e,(iy+4)\ld d,(iy+5)	
080C: FD5605  	
080F: DD6E05  		ld	hl,(ix+5)
0812: DD6606  	
0815: DD6E05  		ld l,(ix+5)\ld h,(ix+6)	
0818: DD6606  	
081B: FD6E06  		ld	hl,(iy+6)
081E: FD6607  	
0821: FD6E06  		ld l,(iy+6)\ld h,(iy+7)	
0824: FD6607  	
              	
0827: DD7103  		ld	(ix+3),bc
082A: DD7004  	
082D: DD7103  		ld(ix+3),c\ld(ix+4),b
0830: DD7004  	
0833: FD7306  		ld	(iy+6),de
0836: FD7207  	
0839: FD7306  		ld(iy+6),e\ld(iy+7),d	
083C: FD7207  	
083F: DD7507  		ld	(ix+7),hl
0842: DD7408  	
0845: DD7507  		ld(ix+7),l\ld(ix+8),h
0848: DD7408  	
084B: FD7508  		ld	(iy+8),hl
084E: FD7409  	
0851: FD7508  		ld(iy+8),l\ld(iy+9),h
0854: FD7409  	
              	
0857: CB1E23  		rr 	(hl++)			; 0xCB group:
085A: CB1E23  		rr(hl)\inc hl
085D: CB0E23  		rrc	(hl++)
0860: CB0E23  		rrc(hl)\inc hl
0863: CB1623  		rl 	(hl++)
0866: CB1623  		rl(hl)\inc hl
0869: CB0623  		rlc 	(hl++)
086C: CB0623  		rlc(hl)\inc hl
086F: CB2623  		sla 	(hl++)
0872: CB2623  		sla(hl)\inc hl
0875: CB2E23  		sra 	(hl++)
0878: CB2E23  		sra(hl)\inc hl
087B: CB3623  		sll 	(hl++)			; illegal
087E: CB3623  		sll(hl)\inc hl
0881: CB3E23  		srl 	(hl++)
0884: CB3E23  		srl(hl)\inc hl
0887: CB5E23  		bit	3,(hl++)
088A: CB5E23  		bit 3,(hl)\inc hl
088D: CBE623  		set	4,(hl++)
0890: CBE623  		set 4,(hl)\inc hl
0893: CBAE23  		res	5,(hl++)
0896: CBAE23  		res 5,(hl)\inc hl
              	
0899: 2BCB1E  		rr 	(--hl)			; 0xCB group:
089C: 2BCB1E  		dec hl\rr(hl)
089F: 2BCB0E  		rrc 	(--hl)
08A2: 2BCB0E  		dec hl\rrc(hl)
08A5: 2BCB16  		rl 	(--hl)
08A8: 2BCB16  		dec hl\rl(hl)
08AB: 2BCB06  		rlc 	(--hl)
08AE: 2BCB06  		dec hl\rlc(hl)
08B1: 2BCB26  		sla 	(--hl)
08B4: 2BCB26  		dec hl\sla(hl)
08B7: 2BCB2E  		sra 	(--hl)
08BA: 2BCB2E  		dec hl\sra(hl)
08BD: 2BCB36  		sll 	(--hl)			; illegal
08C0: 2BCB36  		dec hl\sll(hl)
08C3: 2BCB3E  		srl 	(--hl)
08C6: 2BCB3E  		dec hl\srl(hl)
08C9: 2BCB46  		bit	0,(--hl)
08CC: 2BCB46  		dec hl\bit 0,(hl)
08CF: 2BCBCE  		set	1,(--hl)
08D2: 2BCBCE  		dec hl\set 1,(hl)
08D5: 2BCB96  		res	2,(--hl)
08D8: 2BCB96  		dec hl\res 2,(hl)
              	
              	#endif
              	
              	
              	
              	
              	
              	
              	
              	
              	
              	
              	
              	
              	
              	
              	
              	
              	
              	
              	
***ERROR*** No such file or directory: file = "/pub/Develop/Projects/zasm-4.0/Test/Z80/original/zasm-test-opcodes." (fd108)


; +++ segments +++

#CODE          = $0000 =     0,  size = $08DB =  2267

; +++ global symbols +++

_end     = $08DB =  2267          zasm-test-opcodes.asm:22 (unused)
_ixcbr2_ = $0001 =     1          :1 (unused)
_size    = $08DB =  2267          zasm-test-opcodes.asm:22 (unused)
loop2    = $024B =   587          zasm-test-opcodes.asm:627
n        = $0040 =    64          zasm-test-opcodes.asm:587
n1       = $0001 =     1          zasm-test-opcodes.asm:1300
n16      = $0010 =    16          zasm-test-opcodes.asm:1301
n6       = $0006 =     6          zasm-test-opcodes.asm:1299
nn       = $4142 = 16706          zasm-test-opcodes.asm:586

; +++ local symbols +++

anton   = $0014 =    20          zasm-test-opcodes.asm:36 (unused)
n20     = $0014 =    20          zasm-test-opcodes.asm:32
n5      = $0005 =     5          zasm-test-opcodes.asm:31

; +++ local symbols +++

n6      = $0006 =     6          zasm-test-opcodes.asm:255
nn      = $0040 =    64          zasm-test-opcodes.asm:254


total time: 0.0431 sec.
1 error
